// Jest Snapshot v1, https://goo.gl/fbAQLP

exports[`BestDisplay should match the snapshot with all data passed in correctly 1`] = `
<Fragment>
  <h2>
    Best Average Power Outputs
  </h2>
  <h4>
    1 Minute: 
  </h4>
  <p>
    Record Began 
     Seconds Into and Lasted 60 Seconds 
  </p>
  <h4>
    5 Minutes: 
  </h4>
  <p>
    Record Began 
     Seconds Into and Lasted 5 Minutes
  </p>
  <h4>
    10 Minutes: 
  </h4>
  <p>
    Record Began 
     Seconds Into and Lasted 10 Minutes
  </p>
  <h4>
    15 Minutes: 
  </h4>
  <p>
    Record Began 
     Seconds Into and Lasted 15 Minutes
  </p>
  <h4>
    20 Minutes: 
  </h4>
  <p>
    Record Began 
     Seconds Into and Lasted 20 Minutes
  </p>
</Fragment>
`;
